Archive member included because of file (symbol)

/Applications/Mpide.app/Contents/Resources/Java/hardware/pic32/compiler/pic32-tools/bin/../lib/gcc/pic32mx/4.5.1/../../../../pic32mx/lib/libc.a(general-exception.o)
                              /Applications/Mpide.app/Contents/Resources/Java/hardware/pic32/compiler/pic32-tools/bin/../lib/gcc/pic32mx/4.5.1/../../../../pic32mx/lib/cpp-startup.o (_general_exception_context)
/Applications/Mpide.app/Contents/Resources/Java/hardware/pic32/compiler/pic32-tools/bin/../lib/gcc/pic32mx/4.5.1/../../../../pic32mx/lib/libc.a(default-general-exception-handler.o)
                              /Applications/Mpide.app/Contents/Resources/Java/hardware/pic32/compiler/pic32-tools/bin/../lib/gcc/pic32mx/4.5.1/../../../../pic32mx/lib/libc.a(general-exception.o) (_general_exception_handler)
/Applications/Mpide.app/Contents/Resources/Java/hardware/pic32/compiler/pic32-tools/bin/../lib/gcc/pic32mx/4.5.1/../../../../pic32mx/lib/libc.a(default-bootstrap-exception-handler.o)
                              /Applications/Mpide.app/Contents/Resources/Java/hardware/pic32/compiler/pic32-tools/bin/../lib/gcc/pic32mx/4.5.1/../../../../pic32mx/lib/cpp-startup.o (_bootstrap_exception_handler)
/Applications/Mpide.app/Contents/Resources/Java/hardware/pic32/compiler/pic32-tools/bin/../lib/gcc/pic32mx/4.5.1/../../../../pic32mx/lib/libc.a(default-on-reset.o)
                              /Applications/Mpide.app/Contents/Resources/Java/hardware/pic32/compiler/pic32-tools/bin/../lib/gcc/pic32mx/4.5.1/../../../../pic32mx/lib/cpp-startup.o (_on_reset)
/Applications/Mpide.app/Contents/Resources/Java/hardware/pic32/compiler/pic32-tools/bin/../lib/gcc/pic32mx/4.5.1/../../../../pic32mx/lib/libc.a(default-on-bootstrap.o)
                              /Applications/Mpide.app/Contents/Resources/Java/hardware/pic32/compiler/pic32-tools/bin/../lib/gcc/pic32mx/4.5.1/../../../../pic32mx/lib/cpp-startup.o (_on_bootstrap)
/Applications/Mpide.app/Contents/Resources/Java/hardware/pic32/compiler/pic32-tools/bin/../lib/gcc/pic32mx/4.5.1/../../../../pic32mx/lib/libc.a(default-nmi-handler.o)
                              /Applications/Mpide.app/Contents/Resources/Java/hardware/pic32/compiler/pic32-tools/bin/../lib/gcc/pic32mx/4.5.1/../../../../pic32mx/lib/cpp-startup.o (_nmi_handler)

Microchip PIC32 Memory-Usage Report

kseg0 Program-Memory Usage
section                    address  length [bytes]      (dec)  Description
-------                 ----------  -------------------------  -----------
.reset                  0x9d001000           0x10          16  Reset handler 
.startup                0x9d001010          0x1e0         480  C startup code 
.text                   0x9d0011f0          0x28c         652  Application's executable code 
.init                   0x9d00147c           0x24          36   
.fini                   0x9d0014a0           0x1c          28   
.ctors                  0x9d0014bc            0x8           8   
.dtors                  0x9d0014c4            0x8           8   
      Total kseg0_program_mem used  :       0x4cc        1228  1.0% of 0x1e000

kseg0 Boot-Memory Usage
section                    address  length [bytes]      (dec)  Description
-------                 ----------  -------------------------  -----------
         Total kseg0_boot_mem used  :           0           0  

Exception-Memory Usage 
section                    address  length [bytes]      (dec)  Description
-------                 ----------  -------------------------  -----------
.app_excpt              0x9d000180           0x10          16  General-Exception handler 
          Total exception_mem used  :        0x10          16  0.4% of 0x1000

kseg1 Boot-Memory Usage
section                    address  length [bytes]      (dec)  Description
-------                 ----------  -------------------------  -----------
         Total kseg1_boot_mem used  :           0           0  
        --------------------------------------------------------------------------
         Total Program Memory used  :       0x4dc        1244  1.0% of 0x1f000
        --------------------------------------------------------------------------


kseg1 Data-Memory Usage
section                    address  length [bytes]      (dec)  Description
-------                 ----------  -------------------------  -----------
.bss                    0xa0000000           0x20          32  Uninitialized data 
.heap                   0xa0000020          0x800        2048  Dynamic Memory heap 
.stack                  0xa0000820          0x800        2048  Minimum space reserved for stack 
         Total kseg1_data_mem used  :      0x1020        4128  25.2% of 0x4000
        --------------------------------------------------------------------------
            Total Data Memory used  :      0x1020        4128  25.2% of 0x4000
        --------------------------------------------------------------------------

Discarded input sections

 .data          0x00000000        0x0 /Applications/Mpide.app/Contents/Resources/Java/hardware/pic32/compiler/pic32-tools/bin/../lib/gcc/pic32mx/4.5.1/../../../../pic32mx/lib/cpp-startup.o
 .bss           0x00000000        0x0 /Applications/Mpide.app/Contents/Resources/Java/hardware/pic32/compiler/pic32-tools/bin/../lib/gcc/pic32mx/4.5.1/../../../../pic32mx/lib/cpp-startup.o
 .reginfo       0x00000000       0x18 /Applications/Mpide.app/Contents/Resources/Java/hardware/pic32/compiler/pic32-tools/bin/../lib/gcc/pic32mx/4.5.1/../../../../pic32mx/lib/cpp-startup.o
 .pdr           0x00000000       0xa0 /Applications/Mpide.app/Contents/Resources/Java/hardware/pic32/compiler/pic32-tools/bin/../lib/gcc/pic32mx/4.5.1/../../../../pic32mx/lib/cpp-startup.o
 .bev_handler   0x00000000       0x10 /Applications/Mpide.app/Contents/Resources/Java/hardware/pic32/compiler/pic32-tools/bin/../lib/gcc/pic32mx/4.5.1/../../../../pic32mx/lib/cpp-startup.o
 .text          0x00000000        0x0 /Applications/Mpide.app/Contents/Resources/Java/hardware/pic32/compiler/pic32-tools/bin/../lib/gcc/pic32mx/4.5.1/../../../../pic32mx/lib/crti.o
 .data          0x00000000        0x0 /Applications/Mpide.app/Contents/Resources/Java/hardware/pic32/compiler/pic32-tools/bin/../lib/gcc/pic32mx/4.5.1/../../../../pic32mx/lib/crti.o
 .bss           0x00000000        0x0 /Applications/Mpide.app/Contents/Resources/Java/hardware/pic32/compiler/pic32-tools/bin/../lib/gcc/pic32mx/4.5.1/../../../../pic32mx/lib/crti.o
 .reginfo       0x00000000       0x18 /Applications/Mpide.app/Contents/Resources/Java/hardware/pic32/compiler/pic32-tools/bin/../lib/gcc/pic32mx/4.5.1/../../../../pic32mx/lib/crti.o
 .pdr           0x00000000        0x0 /Applications/Mpide.app/Contents/Resources/Java/hardware/pic32/compiler/pic32-tools/bin/../lib/gcc/pic32mx/4.5.1/../../../../pic32mx/lib/crti.o
 .data          0x00000000        0x0 /Applications/Mpide.app/Contents/Resources/Java/hardware/pic32/compiler/pic32-tools/bin/../lib/gcc/pic32mx/4.5.1/crtbegin.o
 .reginfo       0x00000000       0x18 /Applications/Mpide.app/Contents/Resources/Java/hardware/pic32/compiler/pic32-tools/bin/../lib/gcc/pic32mx/4.5.1/crtbegin.o
 .pdr           0x00000000        0x0 /Applications/Mpide.app/Contents/Resources/Java/hardware/pic32/compiler/pic32-tools/bin/../lib/gcc/pic32mx/4.5.1/crtbegin.o
 .rodata        0x00000000        0x8 /Applications/Mpide.app/Contents/Resources/Java/hardware/pic32/compiler/pic32-tools/bin/../lib/gcc/pic32mx/4.5.1/crtbegin.o
 .sdata         0x00000000        0x4 /Applications/Mpide.app/Contents/Resources/Java/hardware/pic32/compiler/pic32-tools/bin/../lib/gcc/pic32mx/4.5.1/crtbegin.o
 .text          0x00000000        0x0 /Applications/Mpide.app/Contents/Resources/Java/hardware/pic32/compiler/pic32-tools/bin/../lib/gcc/pic32mx/4.5.1/../../../../pic32mx/lib/./proc/32MX320F128H/processor.o
 .data          0x00000000        0x0 /Applications/Mpide.app/Contents/Resources/Java/hardware/pic32/compiler/pic32-tools/bin/../lib/gcc/pic32mx/4.5.1/../../../../pic32mx/lib/./proc/32MX320F128H/processor.o
 .bss           0x00000000        0x0 /Applications/Mpide.app/Contents/Resources/Java/hardware/pic32/compiler/pic32-tools/bin/../lib/gcc/pic32mx/4.5.1/../../../../pic32mx/lib/./proc/32MX320F128H/processor.o
 .reginfo       0x00000000       0x18 /Applications/Mpide.app/Contents/Resources/Java/hardware/pic32/compiler/pic32-tools/bin/../lib/gcc/pic32mx/4.5.1/../../../../pic32mx/lib/./proc/32MX320F128H/processor.o
 .pdr           0x00000000        0x0 /Applications/Mpide.app/Contents/Resources/Java/hardware/pic32/compiler/pic32-tools/bin/../lib/gcc/pic32mx/4.5.1/../../../../pic32mx/lib/./proc/32MX320F128H/processor.o
 .text          0x00000000        0x0 /Applications/Mpide.app/Contents/Resources/Java/hardware/pic32/compiler/pic32-tools/bin/../lib/gcc/pic32mx/4.5.1/../../../../pic32mx/lib/libc.a(general-exception.o)
 .data          0x00000000        0x0 /Applications/Mpide.app/Contents/Resources/Java/hardware/pic32/compiler/pic32-tools/bin/../lib/gcc/pic32mx/4.5.1/../../../../pic32mx/lib/libc.a(general-exception.o)
 .bss           0x00000000        0x0 /Applications/Mpide.app/Contents/Resources/Java/hardware/pic32/compiler/pic32-tools/bin/../lib/gcc/pic32mx/4.5.1/../../../../pic32mx/lib/libc.a(general-exception.o)
 .reginfo       0x00000000       0x18 /Applications/Mpide.app/Contents/Resources/Java/hardware/pic32/compiler/pic32-tools/bin/../lib/gcc/pic32mx/4.5.1/../../../../pic32mx/lib/libc.a(general-exception.o)
 .pdr           0x00000000       0x20 /Applications/Mpide.app/Contents/Resources/Java/hardware/pic32/compiler/pic32-tools/bin/../lib/gcc/pic32mx/4.5.1/../../../../pic32mx/lib/libc.a(general-exception.o)
 .text          0x00000000        0x0 /Applications/Mpide.app/Contents/Resources/Java/hardware/pic32/compiler/pic32-tools/bin/../lib/gcc/pic32mx/4.5.1/../../../../pic32mx/lib/libc.a(default-general-exception-handler.o)
 .data          0x00000000        0x0 /Applications/Mpide.app/Contents/Resources/Java/hardware/pic32/compiler/pic32-tools/bin/../lib/gcc/pic32mx/4.5.1/../../../../pic32mx/lib/libc.a(default-general-exception-handler.o)
 .bss           0x00000000        0x0 /Applications/Mpide.app/Contents/Resources/Java/hardware/pic32/compiler/pic32-tools/bin/../lib/gcc/pic32mx/4.5.1/../../../../pic32mx/lib/libc.a(default-general-exception-handler.o)
 .reginfo       0x00000000       0x18 /Applications/Mpide.app/Contents/Resources/Java/hardware/pic32/compiler/pic32-tools/bin/../lib/gcc/pic32mx/4.5.1/../../../../pic32mx/lib/libc.a(default-general-exception-handler.o)
 .pdr           0x00000000       0x20 /Applications/Mpide.app/Contents/Resources/Java/hardware/pic32/compiler/pic32-tools/bin/../lib/gcc/pic32mx/4.5.1/../../../../pic32mx/lib/libc.a(default-general-exception-handler.o)
 .text          0x00000000        0x0 /Applications/Mpide.app/Contents/Resources/Java/hardware/pic32/compiler/pic32-tools/bin/../lib/gcc/pic32mx/4.5.1/../../../../pic32mx/lib/libc.a(default-bootstrap-exception-handler.o)
 .data          0x00000000        0x0 /Applications/Mpide.app/Contents/Resources/Java/hardware/pic32/compiler/pic32-tools/bin/../lib/gcc/pic32mx/4.5.1/../../../../pic32mx/lib/libc.a(default-bootstrap-exception-handler.o)
 .bss           0x00000000        0x0 /Applications/Mpide.app/Contents/Resources/Java/hardware/pic32/compiler/pic32-tools/bin/../lib/gcc/pic32mx/4.5.1/../../../../pic32mx/lib/libc.a(default-bootstrap-exception-handler.o)
 .reginfo       0x00000000       0x18 /Applications/Mpide.app/Contents/Resources/Java/hardware/pic32/compiler/pic32-tools/bin/../lib/gcc/pic32mx/4.5.1/../../../../pic32mx/lib/libc.a(default-bootstrap-exception-handler.o)
 .pdr           0x00000000       0x20 /Applications/Mpide.app/Contents/Resources/Java/hardware/pic32/compiler/pic32-tools/bin/../lib/gcc/pic32mx/4.5.1/../../../../pic32mx/lib/libc.a(default-bootstrap-exception-handler.o)
 .text._bootstrap_exception_handler
                0x00000000        0x8 /Applications/Mpide.app/Contents/Resources/Java/hardware/pic32/compiler/pic32-tools/bin/../lib/gcc/pic32mx/4.5.1/../../../../pic32mx/lib/libc.a(default-bootstrap-exception-handler.o)
 .text          0x00000000        0x0 /Applications/Mpide.app/Contents/Resources/Java/hardware/pic32/compiler/pic32-tools/bin/../lib/gcc/pic32mx/4.5.1/../../../../pic32mx/lib/libc.a(default-on-reset.o)
 .data          0x00000000        0x0 /Applications/Mpide.app/Contents/Resources/Java/hardware/pic32/compiler/pic32-tools/bin/../lib/gcc/pic32mx/4.5.1/../../../../pic32mx/lib/libc.a(default-on-reset.o)
 .bss           0x00000000        0x0 /Applications/Mpide.app/Contents/Resources/Java/hardware/pic32/compiler/pic32-tools/bin/../lib/gcc/pic32mx/4.5.1/../../../../pic32mx/lib/libc.a(default-on-reset.o)
 .reginfo       0x00000000       0x18 /Applications/Mpide.app/Contents/Resources/Java/hardware/pic32/compiler/pic32-tools/bin/../lib/gcc/pic32mx/4.5.1/../../../../pic32mx/lib/libc.a(default-on-reset.o)
 .pdr           0x00000000       0x20 /Applications/Mpide.app/Contents/Resources/Java/hardware/pic32/compiler/pic32-tools/bin/../lib/gcc/pic32mx/4.5.1/../../../../pic32mx/lib/libc.a(default-on-reset.o)
 .text          0x00000000        0x0 /Applications/Mpide.app/Contents/Resources/Java/hardware/pic32/compiler/pic32-tools/bin/../lib/gcc/pic32mx/4.5.1/../../../../pic32mx/lib/libc.a(default-on-bootstrap.o)
 .data          0x00000000        0x0 /Applications/Mpide.app/Contents/Resources/Java/hardware/pic32/compiler/pic32-tools/bin/../lib/gcc/pic32mx/4.5.1/../../../../pic32mx/lib/libc.a(default-on-bootstrap.o)
 .bss           0x00000000        0x0 /Applications/Mpide.app/Contents/Resources/Java/hardware/pic32/compiler/pic32-tools/bin/../lib/gcc/pic32mx/4.5.1/../../../../pic32mx/lib/libc.a(default-on-bootstrap.o)
 .reginfo       0x00000000       0x18 /Applications/Mpide.app/Contents/Resources/Java/hardware/pic32/compiler/pic32-tools/bin/../lib/gcc/pic32mx/4.5.1/../../../../pic32mx/lib/libc.a(default-on-bootstrap.o)
 .pdr           0x00000000       0x20 /Applications/Mpide.app/Contents/Resources/Java/hardware/pic32/compiler/pic32-tools/bin/../lib/gcc/pic32mx/4.5.1/../../../../pic32mx/lib/libc.a(default-on-bootstrap.o)
 .data          0x00000000        0x0 /Applications/Mpide.app/Contents/Resources/Java/hardware/pic32/compiler/pic32-tools/bin/../lib/gcc/pic32mx/4.5.1/../../../../pic32mx/lib/libc.a(default-nmi-handler.o)
 .bss           0x00000000        0x0 /Applications/Mpide.app/Contents/Resources/Java/hardware/pic32/compiler/pic32-tools/bin/../lib/gcc/pic32mx/4.5.1/../../../../pic32mx/lib/libc.a(default-nmi-handler.o)
 .reginfo       0x00000000       0x18 /Applications/Mpide.app/Contents/Resources/Java/hardware/pic32/compiler/pic32-tools/bin/../lib/gcc/pic32mx/4.5.1/../../../../pic32mx/lib/libc.a(default-nmi-handler.o)
 .pdr           0x00000000       0x20 /Applications/Mpide.app/Contents/Resources/Java/hardware/pic32/compiler/pic32-tools/bin/../lib/gcc/pic32mx/4.5.1/../../../../pic32mx/lib/libc.a(default-nmi-handler.o)
 .data          0x00000000        0x0 /Applications/Mpide.app/Contents/Resources/Java/hardware/pic32/compiler/pic32-tools/bin/../lib/gcc/pic32mx/4.5.1/crtend.o
 .bss           0x00000000        0x0 /Applications/Mpide.app/Contents/Resources/Java/hardware/pic32/compiler/pic32-tools/bin/../lib/gcc/pic32mx/4.5.1/crtend.o
 .reginfo       0x00000000       0x18 /Applications/Mpide.app/Contents/Resources/Java/hardware/pic32/compiler/pic32-tools/bin/../lib/gcc/pic32mx/4.5.1/crtend.o
 .pdr           0x00000000        0x0 /Applications/Mpide.app/Contents/Resources/Java/hardware/pic32/compiler/pic32-tools/bin/../lib/gcc/pic32mx/4.5.1/crtend.o
 .rodata        0x00000000        0x8 /Applications/Mpide.app/Contents/Resources/Java/hardware/pic32/compiler/pic32-tools/bin/../lib/gcc/pic32mx/4.5.1/crtend.o
 .eh_frame      0x00000000        0x4 /Applications/Mpide.app/Contents/Resources/Java/hardware/pic32/compiler/pic32-tools/bin/../lib/gcc/pic32mx/4.5.1/crtend.o
 .jcr           0x00000000        0x4 /Applications/Mpide.app/Contents/Resources/Java/hardware/pic32/compiler/pic32-tools/bin/../lib/gcc/pic32mx/4.5.1/crtend.o
 .text          0x00000000        0x0 /Applications/Mpide.app/Contents/Resources/Java/hardware/pic32/compiler/pic32-tools/bin/../lib/gcc/pic32mx/4.5.1/../../../../pic32mx/lib/crtn.o
 .data          0x00000000        0x0 /Applications/Mpide.app/Contents/Resources/Java/hardware/pic32/compiler/pic32-tools/bin/../lib/gcc/pic32mx/4.5.1/../../../../pic32mx/lib/crtn.o
 .bss           0x00000000        0x0 /Applications/Mpide.app/Contents/Resources/Java/hardware/pic32/compiler/pic32-tools/bin/../lib/gcc/pic32mx/4.5.1/../../../../pic32mx/lib/crtn.o
 .reginfo       0x00000000       0x18 /Applications/Mpide.app/Contents/Resources/Java/hardware/pic32/compiler/pic32-tools/bin/../lib/gcc/pic32mx/4.5.1/../../../../pic32mx/lib/crtn.o
 .pdr           0x00000000        0x0 /Applications/Mpide.app/Contents/Resources/Java/hardware/pic32/compiler/pic32-tools/bin/../lib/gcc/pic32mx/4.5.1/../../../../pic32mx/lib/crtn.o

Memory Configuration

Name             Origin             Length             Attributes
kseg0_program_mem 0x9d001000         0x0001e000         xr
kseg0_eeprom_mem 0x9d01f000         0x00001000
kseg0_boot_mem   0x9fc00490         0x00000000
exception_mem    0x9d000000         0x00001000
kseg1_boot_mem   0xbfc00000         0x00000000
debug_exec_mem   0xbfc02000         0x00000000
config3          0xbfc02ff0         0x00000000
config2          0xbfc02ff4         0x00000000
config1          0xbfc02ff8         0x00000000
config0          0xbfc02ffc         0x00000000
kseg1_data_mem   0xa0000000         0x00004000         w !x
sfrs             0xbf800000         0x00100000
configsfrs       0xbfc02ff0         0x00000010
*default*        0x00000000         0xffffffff

Linker script and memory map

LOAD /Applications/Mpide.app/Contents/Resources/Java/hardware/pic32/compiler/pic32-tools/bin/../lib/gcc/pic32mx/4.5.1/../../../../pic32mx/lib/cpp-startup.o
LOAD /Applications/Mpide.app/Contents/Resources/Java/hardware/pic32/compiler/pic32-tools/bin/../lib/gcc/pic32mx/4.5.1/../../../../pic32mx/lib/crti.o
LOAD /Applications/Mpide.app/Contents/Resources/Java/hardware/pic32/compiler/pic32-tools/bin/../lib/gcc/pic32mx/4.5.1/crtbegin.o
                0x00000800                PROVIDE (_min_stack_size, 0x800)
                0x00000800                PROVIDE (_min_heap_size, 0x800)
LOAD /Applications/Mpide.app/Contents/Resources/Java/hardware/pic32/compiler/pic32-tools/bin/../lib/gcc/pic32mx/4.5.1/../../../../pic32mx/lib/./proc/32MX320F128H/processor.o
                0x00000001                PROVIDE (_vector_spacing, 0x1)
                0x9d000000                _ebase_address = 0x9d000000
                0x9d001000                _RESET_ADDR = 0x9d001000
                0x9d01f000                _EEPROM_ADDR = 0x9d01f000
                0xbfc00380                _BEV_EXCPT_ADDR = 0xbfc00380
                0xbfc00480                _DBG_EXCPT_ADDR = 0xbfc00480
                0xbfc02000                _DBG_CODE_ADDR = 0xbfc02000
                0x9d000180                _GEN_EXCPT_ADDR = (_ebase_address + 0x180)

.reset          0x9d001000       0x10
 *(.reset)
 .reset         0x9d001000       0x10 /Applications/Mpide.app/Contents/Resources/Java/hardware/pic32/compiler/pic32-tools/bin/../lib/gcc/pic32mx/4.5.1/../../../../pic32mx/lib/cpp-startup.o
                0x9d001000                _reset

.eeprom_pic32
 *(.eeprom_pic32 .eeprom_pic32.*)

/DISCARD/
 *(.bev_handler)
 *(.pdr)
 *(.reginfo)
 *(.rel.dyn)
 *(.note.GNU-stack)
 *(.gnu_debuglink)
 *(.gnu.lto_*)

.app_excpt      0x9d000180       0x10
 *(.gen_handler)
 .gen_handler   0x9d000180       0x10 /Applications/Mpide.app/Contents/Resources/Java/hardware/pic32/compiler/pic32-tools/bin/../lib/gcc/pic32mx/4.5.1/../../../../pic32mx/lib/cpp-startup.o

.vector_0       0x9d000200        0x0
 *(.vector_0)
                0x00000001                ASSERT (((_vector_spacing == 0x0) || (SIZEOF (.vector_0) <= (_vector_spacing << 0x5))), function at exception vector 0 too large)

.vector_1       0x9d000220        0x0
 *(.vector_1)
                0x00000001                ASSERT (((_vector_spacing == 0x0) || (SIZEOF (.vector_1) <= (_vector_spacing << 0x5))), function at exception vector 1 too large)

.vector_2       0x9d000240        0x0
 *(.vector_2)
                0x00000001                ASSERT (((_vector_spacing == 0x0) || (SIZEOF (.vector_2) <= (_vector_spacing << 0x5))), function at exception vector 2 too large)

.vector_3       0x9d000260        0x0
 *(.vector_3)
                0x00000001                ASSERT (((_vector_spacing == 0x0) || (SIZEOF (.vector_3) <= (_vector_spacing << 0x5))), function at exception vector 3 too large)

.vector_4       0x9d000280        0x0
 *(.vector_4)
                0x00000001                ASSERT (((_vector_spacing == 0x0) || (SIZEOF (.vector_4) <= (_vector_spacing << 0x5))), function at exception vector 4 too large)

.vector_5       0x9d0002a0        0x0
 *(.vector_5)
                0x00000001                ASSERT (((_vector_spacing == 0x0) || (SIZEOF (.vector_5) <= (_vector_spacing << 0x5))), function at exception vector 5 too large)

.vector_6       0x9d0002c0        0x0
 *(.vector_6)
                0x00000001                ASSERT (((_vector_spacing == 0x0) || (SIZEOF (.vector_6) <= (_vector_spacing << 0x5))), function at exception vector 6 too large)

.vector_7       0x9d0002e0        0x0
 *(.vector_7)
                0x00000001                ASSERT (((_vector_spacing == 0x0) || (SIZEOF (.vector_7) <= (_vector_spacing << 0x5))), function at exception vector 7 too large)

.vector_8       0x9d000300        0x0
 *(.vector_8)
                0x00000001                ASSERT (((_vector_spacing == 0x0) || (SIZEOF (.vector_8) <= (_vector_spacing << 0x5))), function at exception vector 8 too large)

.vector_9       0x9d000320        0x0
 *(.vector_9)
                0x00000001                ASSERT (((_vector_spacing == 0x0) || (SIZEOF (.vector_9) <= (_vector_spacing << 0x5))), function at exception vector 9 too large)

.vector_10      0x9d000340        0x0
 *(.vector_10)
                0x00000001                ASSERT (((_vector_spacing == 0x0) || (SIZEOF (.vector_10) <= (_vector_spacing << 0x5))), function at exception vector 10 too large)

.vector_11      0x9d000360        0x0
 *(.vector_11)
                0x00000001                ASSERT (((_vector_spacing == 0x0) || (SIZEOF (.vector_11) <= (_vector_spacing << 0x5))), function at exception vector 11 too large)

.vector_12      0x9d000380        0x0
 *(.vector_12)
                0x00000001                ASSERT (((_vector_spacing == 0x0) || (SIZEOF (.vector_12) <= (_vector_spacing << 0x5))), function at exception vector 12 too large)

.vector_13      0x9d0003a0        0x0
 *(.vector_13)
                0x00000001                ASSERT (((_vector_spacing == 0x0) || (SIZEOF (.vector_13) <= (_vector_spacing << 0x5))), function at exception vector 13 too large)

.vector_14      0x9d0003c0        0x0
 *(.vector_14)
                0x00000001                ASSERT (((_vector_spacing == 0x0) || (SIZEOF (.vector_14) <= (_vector_spacing << 0x5))), function at exception vector 14 too large)

.vector_15      0x9d0003e0        0x0
 *(.vector_15)
                0x00000001                ASSERT (((_vector_spacing == 0x0) || (SIZEOF (.vector_15) <= (_vector_spacing << 0x5))), function at exception vector 15 too large)

.vector_16      0x9d000400        0x0
 *(.vector_16)
                0x00000001                ASSERT (((_vector_spacing == 0x0) || (SIZEOF (.vector_16) <= (_vector_spacing << 0x5))), function at exception vector 16 too large)

.vector_17      0x9d000420        0x0
 *(.vector_17)
                0x00000001                ASSERT (((_vector_spacing == 0x0) || (SIZEOF (.vector_17) <= (_vector_spacing << 0x5))), function at exception vector 17 too large)

.vector_18      0x9d000440        0x0
 *(.vector_18)
                0x00000001                ASSERT (((_vector_spacing == 0x0) || (SIZEOF (.vector_18) <= (_vector_spacing << 0x5))), function at exception vector 18 too large)

.vector_19      0x9d000460        0x0
 *(.vector_19)
                0x00000001                ASSERT (((_vector_spacing == 0x0) || (SIZEOF (.vector_19) <= (_vector_spacing << 0x5))), function at exception vector 19 too large)

.vector_20      0x9d000480        0x0
 *(.vector_20)
                0x00000001                ASSERT (((_vector_spacing == 0x0) || (SIZEOF (.vector_20) <= (_vector_spacing << 0x5))), function at exception vector 20 too large)

.vector_21      0x9d0004a0        0x0
 *(.vector_21)
                0x00000001                ASSERT (((_vector_spacing == 0x0) || (SIZEOF (.vector_21) <= (_vector_spacing << 0x5))), function at exception vector 21 too large)

.vector_22      0x9d0004c0        0x0
 *(.vector_22)
                0x00000001                ASSERT (((_vector_spacing == 0x0) || (SIZEOF (.vector_22) <= (_vector_spacing << 0x5))), function at exception vector 22 too large)

.vector_23      0x9d0004e0        0x0
 *(.vector_23)
                0x00000001                ASSERT (((_vector_spacing == 0x0) || (SIZEOF (.vector_23) <= (_vector_spacing << 0x5))), function at exception vector 23 too large)

.vector_24      0x9d000500        0x0
 *(.vector_24)
                0x00000001                ASSERT (((_vector_spacing == 0x0) || (SIZEOF (.vector_24) <= (_vector_spacing << 0x5))), function at exception vector 24 too large)

.vector_25      0x9d000520        0x0
 *(.vector_25)
                0x00000001                ASSERT (((_vector_spacing == 0x0) || (SIZEOF (.vector_25) <= (_vector_spacing << 0x5))), function at exception vector 25 too large)

.vector_26      0x9d000540        0x0
 *(.vector_26)
                0x00000001                ASSERT (((_vector_spacing == 0x0) || (SIZEOF (.vector_26) <= (_vector_spacing << 0x5))), function at exception vector 26 too large)

.vector_27      0x9d000560        0x0
 *(.vector_27)
                0x00000001                ASSERT (((_vector_spacing == 0x0) || (SIZEOF (.vector_27) <= (_vector_spacing << 0x5))), function at exception vector 27 too large)

.vector_28      0x9d000580        0x0
 *(.vector_28)
                0x00000001                ASSERT (((_vector_spacing == 0x0) || (SIZEOF (.vector_28) <= (_vector_spacing << 0x5))), function at exception vector 28 too large)

.vector_29      0x9d0005a0        0x0
 *(.vector_29)
                0x00000001                ASSERT (((_vector_spacing == 0x0) || (SIZEOF (.vector_29) <= (_vector_spacing << 0x5))), function at exception vector 29 too large)

.vector_30      0x9d0005c0        0x0
 *(.vector_30)
                0x00000001                ASSERT (((_vector_spacing == 0x0) || (SIZEOF (.vector_30) <= (_vector_spacing << 0x5))), function at exception vector 30 too large)

.vector_31      0x9d0005e0        0x0
 *(.vector_31)
                0x00000001                ASSERT (((_vector_spacing == 0x0) || (SIZEOF (.vector_31) <= (_vector_spacing << 0x5))), function at exception vector 31 too large)

.vector_32      0x9d000600        0x0
 *(.vector_32)
                0x00000001                ASSERT (((_vector_spacing == 0x0) || (SIZEOF (.vector_32) <= (_vector_spacing << 0x5))), function at exception vector 32 too large)

.vector_33      0x9d000620        0x0
 *(.vector_33)
                0x00000001                ASSERT (((_vector_spacing == 0x0) || (SIZEOF (.vector_33) <= (_vector_spacing << 0x5))), function at exception vector 33 too large)

.vector_34      0x9d000640        0x0
 *(.vector_34)
                0x00000001                ASSERT (((_vector_spacing == 0x0) || (SIZEOF (.vector_34) <= (_vector_spacing << 0x5))), function at exception vector 34 too large)

.vector_35      0x9d000660        0x0
 *(.vector_35)
                0x00000001                ASSERT (((_vector_spacing == 0x0) || (SIZEOF (.vector_35) <= (_vector_spacing << 0x5))), function at exception vector 35 too large)

.vector_36      0x9d000680        0x0
 *(.vector_36)
                0x00000001                ASSERT (((_vector_spacing == 0x0) || (SIZEOF (.vector_36) <= (_vector_spacing << 0x5))), function at exception vector 36 too large)

.vector_37      0x9d0006a0        0x0
 *(.vector_37)
                0x00000001                ASSERT (((_vector_spacing == 0x0) || (SIZEOF (.vector_37) <= (_vector_spacing << 0x5))), function at exception vector 37 too large)

.vector_38      0x9d0006c0        0x0
 *(.vector_38)
                0x00000001                ASSERT (((_vector_spacing == 0x0) || (SIZEOF (.vector_38) <= (_vector_spacing << 0x5))), function at exception vector 38 too large)

.vector_39      0x9d0006e0        0x0
 *(.vector_39)
                0x00000001                ASSERT (((_vector_spacing == 0x0) || (SIZEOF (.vector_39) <= (_vector_spacing << 0x5))), function at exception vector 39 too large)

.vector_40      0x9d000700        0x0
 *(.vector_40)
                0x00000001                ASSERT (((_vector_spacing == 0x0) || (SIZEOF (.vector_40) <= (_vector_spacing << 0x5))), function at exception vector 40 too large)

.vector_41      0x9d000720        0x0
 *(.vector_41)
                0x00000001                ASSERT (((_vector_spacing == 0x0) || (SIZEOF (.vector_41) <= (_vector_spacing << 0x5))), function at exception vector 41 too large)

.vector_42      0x9d000740        0x0
 *(.vector_42)
                0x00000001                ASSERT (((_vector_spacing == 0x0) || (SIZEOF (.vector_42) <= (_vector_spacing << 0x5))), function at exception vector 42 too large)

.vector_43      0x9d000760        0x0
 *(.vector_43)
                0x00000001                ASSERT (((_vector_spacing == 0x0) || (SIZEOF (.vector_43) <= (_vector_spacing << 0x5))), function at exception vector 43 too large)

.vector_44      0x9d000780        0x0
 *(.vector_44)
                0x00000001                ASSERT (((_vector_spacing == 0x0) || (SIZEOF (.vector_44) <= (_vector_spacing << 0x5))), function at exception vector 44 too large)

.vector_45      0x9d0007a0        0x0
 *(.vector_45)
                0x00000001                ASSERT (((_vector_spacing == 0x0) || (SIZEOF (.vector_45) <= (_vector_spacing << 0x5))), function at exception vector 45 too large)

.vector_46      0x9d0007c0        0x0
 *(.vector_46)
                0x00000001                ASSERT (((_vector_spacing == 0x0) || (SIZEOF (.vector_46) <= (_vector_spacing << 0x5))), function at exception vector 46 too large)

.vector_47      0x9d0007e0        0x0
 *(.vector_47)
                0x00000001                ASSERT (((_vector_spacing == 0x0) || (SIZEOF (.vector_47) <= (_vector_spacing << 0x5))), function at exception vector 47 too large)

.vector_48      0x9d000800        0x0
 *(.vector_48)
                0x00000001                ASSERT (((_vector_spacing == 0x0) || (SIZEOF (.vector_48) <= (_vector_spacing << 0x5))), function at exception vector 48 too large)

.vector_49      0x9d000820        0x0
 *(.vector_49)
                0x00000001                ASSERT (((_vector_spacing == 0x0) || (SIZEOF (.vector_49) <= (_vector_spacing << 0x5))), function at exception vector 49 too large)

.vector_50      0x9d000840        0x0
 *(.vector_50)
                0x00000001                ASSERT (((_vector_spacing == 0x0) || (SIZEOF (.vector_50) <= (_vector_spacing << 0x5))), function at exception vector 50 too large)

.vector_51      0x9d000860        0x0
 *(.vector_51)
                0x00000001                ASSERT (((_vector_spacing == 0x0) || (SIZEOF (.vector_51) <= (_vector_spacing << 0x5))), function at exception vector 51 too large)

.vector_52      0x9d000880        0x0
 *(.vector_52)
                0x00000001                ASSERT (((_vector_spacing == 0x0) || (SIZEOF (.vector_52) <= (_vector_spacing << 0x5))), function at exception vector 52 too large)

.vector_53      0x9d0008a0        0x0
 *(.vector_53)
                0x00000001                ASSERT (((_vector_spacing == 0x0) || (SIZEOF (.vector_53) <= (_vector_spacing << 0x5))), function at exception vector 53 too large)

.vector_54      0x9d0008c0        0x0
 *(.vector_54)
                0x00000001                ASSERT (((_vector_spacing == 0x0) || (SIZEOF (.vector_54) <= (_vector_spacing << 0x5))), function at exception vector 54 too large)

.vector_55      0x9d0008e0        0x0
 *(.vector_55)
                0x00000001                ASSERT (((_vector_spacing == 0x0) || (SIZEOF (.vector_55) <= (_vector_spacing << 0x5))), function at exception vector 55 too large)

.vector_56      0x9d000900        0x0
 *(.vector_56)
                0x00000001                ASSERT (((_vector_spacing == 0x0) || (SIZEOF (.vector_56) <= (_vector_spacing << 0x5))), function at exception vector 56 too large)

.vector_57      0x9d000920        0x0
 *(.vector_57)
                0x00000001                ASSERT (((_vector_spacing == 0x0) || (SIZEOF (.vector_57) <= (_vector_spacing << 0x5))), function at exception vector 57 too large)

.vector_58      0x9d000940        0x0
 *(.vector_58)
                0x00000001                ASSERT (((_vector_spacing == 0x0) || (SIZEOF (.vector_58) <= (_vector_spacing << 0x5))), function at exception vector 58 too large)

.vector_59      0x9d000960        0x0
 *(.vector_59)
                0x00000001                ASSERT (((_vector_spacing == 0x0) || (SIZEOF (.vector_59) <= (_vector_spacing << 0x5))), function at exception vector 59 too large)

.vector_60      0x9d000980        0x0
 *(.vector_60)
                0x00000001                ASSERT (((_vector_spacing == 0x0) || (SIZEOF (.vector_60) <= (_vector_spacing << 0x5))), function at exception vector 60 too large)

.vector_61      0x9d0009a0        0x0
 *(.vector_61)
                0x00000001                ASSERT (((_vector_spacing == 0x0) || (SIZEOF (.vector_61) <= (_vector_spacing << 0x5))), function at exception vector 61 too large)

.vector_62      0x9d0009c0        0x0
 *(.vector_62)
                0x00000001                ASSERT (((_vector_spacing == 0x0) || (SIZEOF (.vector_62) <= (_vector_spacing << 0x5))), function at exception vector 62 too large)

.vector_63      0x9d0009e0        0x0
 *(.vector_63)
                0x00000001                ASSERT (((_vector_spacing == 0x0) || (SIZEOF (.vector_63) <= (_vector_spacing << 0x5))), function at exception vector 63 too large)

.startup        0x9d001010      0x1e0
 *(.startup)
 .startup       0x9d001010      0x1e0 /Applications/Mpide.app/Contents/Resources/Java/hardware/pic32/compiler/pic32-tools/bin/../lib/gcc/pic32mx/4.5.1/../../../../pic32mx/lib/cpp-startup.o

.text           0x9d0011f0      0x28c
                0x9d0011f0                _text_begin = .
 *(.text .stub .text.* .gnu.linkonce.t.*)
 .text          0x9d0011f0       0x20 /Applications/Mpide.app/Contents/Resources/Java/hardware/pic32/compiler/pic32-tools/bin/../lib/gcc/pic32mx/4.5.1/../../../../pic32mx/lib/cpp-startup.o
 .text          0x9d001210      0x118 /Applications/Mpide.app/Contents/Resources/Java/hardware/pic32/compiler/pic32-tools/bin/../lib/gcc/pic32mx/4.5.1/crtbegin.o
 .text.general_exception
                0x9d001328       0xd0 /Applications/Mpide.app/Contents/Resources/Java/hardware/pic32/compiler/pic32-tools/bin/../lib/gcc/pic32mx/4.5.1/../../../../pic32mx/lib/libc.a(general-exception.o)
                0x9d001328                _general_exception_context
 .text._general_exception_handler
                0x9d0013f8        0x8 /Applications/Mpide.app/Contents/Resources/Java/hardware/pic32/compiler/pic32-tools/bin/../lib/gcc/pic32mx/4.5.1/../../../../pic32mx/lib/libc.a(default-general-exception-handler.o)
                0x9d0013f8                _general_exception_handler
 .text._on_reset
                0x9d001400        0x8 /Applications/Mpide.app/Contents/Resources/Java/hardware/pic32/compiler/pic32-tools/bin/../lib/gcc/pic32mx/4.5.1/../../../../pic32mx/lib/libc.a(default-on-reset.o)
                0x9d001400                _on_reset
 .text._on_bootstrap
                0x9d001408        0x8 /Applications/Mpide.app/Contents/Resources/Java/hardware/pic32/compiler/pic32-tools/bin/../lib/gcc/pic32mx/4.5.1/../../../../pic32mx/lib/libc.a(default-on-bootstrap.o)
                0x9d001408                _on_bootstrap
 .text          0x9d001410       0x18 /Applications/Mpide.app/Contents/Resources/Java/hardware/pic32/compiler/pic32-tools/bin/../lib/gcc/pic32mx/4.5.1/../../../../pic32mx/lib/libc.a(default-nmi-handler.o)
                0x9d001410                _nmi_handler
 .text          0x9d001428       0x54 /Applications/Mpide.app/Contents/Resources/Java/hardware/pic32/compiler/pic32-tools/bin/../lib/gcc/pic32mx/4.5.1/crtend.o
 *(.text.*personality*)
 *(.gnu.warning)
 *(.mips16.fn.*)
 *(.mips16.call.*)
                0x9d00147c                _text_end = .

.init           0x9d00147c       0x24
 *crti.o(.init)
 .init          0x9d00147c        0x8 /Applications/Mpide.app/Contents/Resources/Java/hardware/pic32/compiler/pic32-tools/bin/../lib/gcc/pic32mx/4.5.1/../../../../pic32mx/lib/crti.o
                0x9d00147c                _init
 *crtbegin.o(.init)
 .init          0x9d001484        0x8 /Applications/Mpide.app/Contents/Resources/Java/hardware/pic32/compiler/pic32-tools/bin/../lib/gcc/pic32mx/4.5.1/crtbegin.o
 *(EXCLUDE_FILE(*crtn.o *crtend?.o *crtend.o) .init)
 *crtend.o(.init)
 .init          0x9d00148c        0x8 /Applications/Mpide.app/Contents/Resources/Java/hardware/pic32/compiler/pic32-tools/bin/../lib/gcc/pic32mx/4.5.1/crtend.o
 *crtn.o(.init)
 .init          0x9d001494        0xc /Applications/Mpide.app/Contents/Resources/Java/hardware/pic32/compiler/pic32-tools/bin/../lib/gcc/pic32mx/4.5.1/../../../../pic32mx/lib/crtn.o

.fini           0x9d0014a0       0x1c
 *(.fini)
 .fini          0x9d0014a0        0x8 /Applications/Mpide.app/Contents/Resources/Java/hardware/pic32/compiler/pic32-tools/bin/../lib/gcc/pic32mx/4.5.1/../../../../pic32mx/lib/crti.o
                0x9d0014a0                _fini
 .fini          0x9d0014a8        0x8 /Applications/Mpide.app/Contents/Resources/Java/hardware/pic32/compiler/pic32-tools/bin/../lib/gcc/pic32mx/4.5.1/crtbegin.o
 .fini          0x9d0014b0        0xc /Applications/Mpide.app/Contents/Resources/Java/hardware/pic32/compiler/pic32-tools/bin/../lib/gcc/pic32mx/4.5.1/../../../../pic32mx/lib/crtn.o

.preinit_array  0x9d0014bc        0x0
                0x9d0014bc                PROVIDE (__preinit_array_start, .)
 *(.preinit_array)
                0x9d0014bc                PROVIDE (__preinit_array_end, .)
 *(.preinit_array)

.init_array     0x9d0014bc        0x0
                0x9d0014bc                PROVIDE (__init_array_start, .)
 *(SORT(.init_array.*))
 *(.init_array)
                0x9d0014bc                PROVIDE (__init_array_end, .)

.fini_array     0x9d0014bc        0x0
                0x9d0014bc                PROVIDE (__fini_array_start, .)
 *(SORT(.fini_array.*))
 *(.fini_array)
                0x9d0014bc                PROVIDE (__fini_array_end, .)

.ctors          0x9d0014bc        0x8
 *crtbegin.o(.ctors)
 .ctors         0x9d0014bc        0x4 /Applications/Mpide.app/Contents/Resources/Java/hardware/pic32/compiler/pic32-tools/bin/../lib/gcc/pic32mx/4.5.1/crtbegin.o
 *crtbegin?.o(.ctors)
 *(EXCLUDE_FILE(*crtend?.o *crtend.o) .ctors)
 *(SORT(.ctors.*))
 *(.ctors)
 .ctors         0x9d0014c0        0x4 /Applications/Mpide.app/Contents/Resources/Java/hardware/pic32/compiler/pic32-tools/bin/../lib/gcc/pic32mx/4.5.1/crtend.o

.dtors          0x9d0014c4        0x8
 *crtbegin.o(.dtors)
 .dtors         0x9d0014c4        0x4 /Applications/Mpide.app/Contents/Resources/Java/hardware/pic32/compiler/pic32-tools/bin/../lib/gcc/pic32mx/4.5.1/crtbegin.o
 *crtbegin?.o(.dtors)
 *(EXCLUDE_FILE(*crtend?.o *crtend.o) .dtors)
 *(SORT(.dtors.*))
 *(.dtors)
 .dtors         0x9d0014c8        0x4 /Applications/Mpide.app/Contents/Resources/Java/hardware/pic32/compiler/pic32-tools/bin/../lib/gcc/pic32mx/4.5.1/crtend.o
                0x9d0014c8                __DTOR_END__

.rodata         0x9d0014cc        0x0
 *(.rodata .rodata.* .gnu.linkonce.r.*)
 *(.rodata1)
                0x9d0014cc                . = ALIGN (0x4)

.sdata2         0x9d0014cc        0x0
 *(.sdata2 .sdata2.* .gnu.linkonce.s2.*)
                0x9d0014cc                . = ALIGN (0x4)

.sbss2          0x9d0014cc        0x0
 *(.sbss2 .sbss2.* .gnu.linkonce.sb2.*)
                0x9d0014cc                . = ALIGN (0x4)

.dbg_data       0xa0000000        0x0
                0xa0000000                . = (. + DEFINED (_DEBUGGER)?0x200:0x0)

.persist        0xa0000000        0x0
                0xa0000000                _persist_begin = .
 *(.persist .persist.*)
                0xa0000000                _persist_end = .

.eh_frame       0xa0000000        0x0
 .eh_frame      0xa0000000        0x0 /Applications/Mpide.app/Contents/Resources/Java/hardware/pic32/compiler/pic32-tools/bin/../lib/gcc/pic32mx/4.5.1/crtbegin.o

.jcr            0xa0000000        0x0
 .jcr           0xa0000000        0x0 /Applications/Mpide.app/Contents/Resources/Java/hardware/pic32/compiler/pic32-tools/bin/../lib/gcc/pic32mx/4.5.1/crtbegin.o

.data           0xa0000000        0x0 load address 0x9d0014cc
                0xa0000000                _data_begin = .
 *(.data .data.* .gnu.linkonce.d.*)
 *(.gnu.linkonce.d.*personality*)
 *(.data1)
                0x9d0014cc                _data_image_begin = LOADADDR (.data)
                0xa0000000                . = .
                0xa0007ff0                _gp = (ALIGN (0x10) + 0x7ff0)

.got
 *(.got.plt)
 *(.got)

.sdata          0xa0000000        0x0 load address 0x9d0014cc
                0xa0000000                _sdata_begin = .
 *(.sdata .sdata.* .gnu.linkonce.s.*)
                0xa0000000                _sdata_end = .

.lit8
 *(.lit8)

.lit4
 *(.lit4)
                0xa0000000                . = ALIGN (0x4)
                0xa0000000                _data_end = .
                0xa0000000                _bss_begin = .

.sbss           0xa0000000        0x0 load address 0x9d0014cc
                0xa0000000                _sbss_begin = .
 *(.dynsbss)
 *(.sbss .sbss.* .gnu.linkonce.sb.*)
 *(.scommon)
                0xa0000000                _sbss_end = .

.bss            0xa0000000       0x20 load address 0x9d0014cc
 *(.dynbss)
 *(.bss .bss.* .gnu.linkonce.b.*)
 .bss           0xa0000000       0x20 /Applications/Mpide.app/Contents/Resources/Java/hardware/pic32/compiler/pic32-tools/bin/../lib/gcc/pic32mx/4.5.1/crtbegin.o
 *(COMMON)
                0xa0000020                . = ALIGN (0x4)
                0xa0000020                . = ALIGN (0x4)
                0xa0000020                _end = .
                0xa0000020                _bss_end = .

.heap           0xa0000020      0x800 load address 0x9d0014cc
                0xa0000020                _heap = .
                0xa0000820                . = (. + _min_heap_size)
 *fill*         0xa0000020      0x800 00
                0xa0000820                . = ALIGN (0x8)

.stack          0xa0000820      0x800 load address 0x9d0014cc
                0xa0000820                _splim = .
                0xa0000820                _SPLIM = .
                0xa0001020                . = (. + _min_stack_size)
 *fill*         0xa0000820      0x800 00
                0xa0001020                . = ALIGN (0x8)

.ramfunc        0xa0001800        0x0 load address 0x9d0014cc
                0xa0001800                _ramfunc_begin = .
 *(.ramfunc .ramfunc.*)
                0xa0001800                . = ALIGN (0x4)
                0xa0001800                _ramfunc_end = .
                0x9d0014cc                _ramfunc_image_begin = LOADADDR (.ramfunc)
                0x00000000                _ramfunc_length = SIZEOF (.ramfunc)
                0x00001800                _bmxdkpba_address = (_ramfunc_begin - 0xa0000000)
                0x00004000                _bmxdudba_address = 0x4000
                0x00004000                _bmxdupba_address = 0x4000
                0xa0004000                _stack = (_ramfunc_length > 0x0)?(_ramfunc_begin - 0x4):0xa0004000
                0x00000001                ASSERT (((_min_stack_size + _min_heap_size) <= (_stack - _heap)), Not enough space to allocate both stack and heap.  Reduce heap and/or stack size.)

.stab
 *(.stab)

.stabstr
 *(.stabstr)

.stab.excl
 *(.stab.excl)

.stab.exclstr
 *(.stab.exclstr)

.stab.index
 *(.stab.index)

.stab.indexstr
 *(.stab.indexstr)

.comment        0x00000000       0x47
 *(.comment)
 .comment       0x00000000       0x47 /Applications/Mpide.app/Contents/Resources/Java/hardware/pic32/compiler/pic32-tools/bin/../lib/gcc/pic32mx/4.5.1/crtbegin.o
                                 0x48 (size before relaxing)
 .comment       0x00000000       0x48 /Applications/Mpide.app/Contents/Resources/Java/hardware/pic32/compiler/pic32-tools/bin/../lib/gcc/pic32mx/4.5.1/../../../../pic32mx/lib/libc.a(default-general-exception-handler.o)
 .comment       0x00000000       0x48 /Applications/Mpide.app/Contents/Resources/Java/hardware/pic32/compiler/pic32-tools/bin/../lib/gcc/pic32mx/4.5.1/../../../../pic32mx/lib/libc.a(default-bootstrap-exception-handler.o)
 .comment       0x00000000       0x48 /Applications/Mpide.app/Contents/Resources/Java/hardware/pic32/compiler/pic32-tools/bin/../lib/gcc/pic32mx/4.5.1/../../../../pic32mx/lib/libc.a(default-on-reset.o)
 .comment       0x00000000       0x48 /Applications/Mpide.app/Contents/Resources/Java/hardware/pic32/compiler/pic32-tools/bin/../lib/gcc/pic32mx/4.5.1/../../../../pic32mx/lib/libc.a(default-on-bootstrap.o)
 .comment       0x00000000       0x48 /Applications/Mpide.app/Contents/Resources/Java/hardware/pic32/compiler/pic32-tools/bin/../lib/gcc/pic32mx/4.5.1/crtend.o

.debug
 *(.debug)

.line
 *(.line)

.debug_srcinfo
 *(.debug_srcinfo)

.debug_sfnames
 *(.debug_sfnames)

.debug_aranges
 *(.debug_aranges)

.debug_pubnames
 *(.debug_pubnames)

.debug_info
 *(.debug_info .gnu.linkonce.wi.*)

.debug_abbrev
 *(.debug_abbrev)

.debug_line
 *(.debug_line)

.debug_frame
 *(.debug_frame)

.debug_str
 *(.debug_str)

.debug_loc
 *(.debug_loc)

.debug_macinfo
 *(.debug_macinfo)

.debug_weaknames
 *(.debug_weaknames)

.debug_funcnames
 *(.debug_funcnames)

.debug_typenames
 *(.debug_typenames)

.debug_varnames
 *(.debug_varnames)

.debug_pubtypes
 *(.debug_pubtypes)

.debug_ranges
 *(.debug_ranges)

.gnu.attributes
                0x00000000       0x10
 *(.gnu.attributes)
 .gnu.attributes
                0x00000000       0x10 /Applications/Mpide.app/Contents/Resources/Java/hardware/pic32/compiler/pic32-tools/bin/../lib/gcc/pic32mx/4.5.1/crtbegin.o
 .gnu.attributes
                0x00000010       0x10 /Applications/Mpide.app/Contents/Resources/Java/hardware/pic32/compiler/pic32-tools/bin/../lib/gcc/pic32mx/4.5.1/../../../../pic32mx/lib/libc.a(default-general-exception-handler.o)
 .gnu.attributes
                0x00000020       0x10 /Applications/Mpide.app/Contents/Resources/Java/hardware/pic32/compiler/pic32-tools/bin/../lib/gcc/pic32mx/4.5.1/../../../../pic32mx/lib/libc.a(default-bootstrap-exception-handler.o)
 .gnu.attributes
                0x00000030       0x10 /Applications/Mpide.app/Contents/Resources/Java/hardware/pic32/compiler/pic32-tools/bin/../lib/gcc/pic32mx/4.5.1/../../../../pic32mx/lib/libc.a(default-on-reset.o)
 .gnu.attributes
                0x00000040       0x10 /Applications/Mpide.app/Contents/Resources/Java/hardware/pic32/compiler/pic32-tools/bin/../lib/gcc/pic32mx/4.5.1/../../../../pic32mx/lib/libc.a(default-on-bootstrap.o)
 .gnu.attributes
                0x00000050       0x10 /Applications/Mpide.app/Contents/Resources/Java/hardware/pic32/compiler/pic32-tools/bin/../lib/gcc/pic32mx/4.5.1/crtend.o

.gptab.sdata
 *(.gptab.data)
 *(.gptab.sdata)

.gptab.sbss
 *(.gptab.bss)
 *(.gptab.sbss)

.mdebug.abi32   0x00000060        0x0
 *(.mdebug.abi32)
 .mdebug.abi32  0x00000060        0x0 /Applications/Mpide.app/Contents/Resources/Java/hardware/pic32/compiler/pic32-tools/bin/../lib/gcc/pic32mx/4.5.1/crtbegin.o
 .mdebug.abi32  0x00000060        0x0 /Applications/Mpide.app/Contents/Resources/Java/hardware/pic32/compiler/pic32-tools/bin/../lib/gcc/pic32mx/4.5.1/../../../../pic32mx/lib/libc.a(default-general-exception-handler.o)
 .mdebug.abi32  0x00000060        0x0 /Applications/Mpide.app/Contents/Resources/Java/hardware/pic32/compiler/pic32-tools/bin/../lib/gcc/pic32mx/4.5.1/../../../../pic32mx/lib/libc.a(default-bootstrap-exception-handler.o)
 .mdebug.abi32  0x00000060        0x0 /Applications/Mpide.app/Contents/Resources/Java/hardware/pic32/compiler/pic32-tools/bin/../lib/gcc/pic32mx/4.5.1/../../../../pic32mx/lib/libc.a(default-on-reset.o)
 .mdebug.abi32  0x00000060        0x0 /Applications/Mpide.app/Contents/Resources/Java/hardware/pic32/compiler/pic32-tools/bin/../lib/gcc/pic32mx/4.5.1/../../../../pic32mx/lib/libc.a(default-on-bootstrap.o)
 .mdebug.abi32  0x00000060        0x0 /Applications/Mpide.app/Contents/Resources/Java/hardware/pic32/compiler/pic32-tools/bin/../lib/gcc/pic32mx/4.5.1/crtend.o

.mdebug.abiN32
 *(.mdebug.abiN32)

.mdebug.abi64
 *(.mdebug.abi64)

.mdebug.abiO64
 *(.mdebug.abiO64)

.mdebug.eabi32
 *(.mdebug.eabi32)

.mdebug.eabi64
 *(.mdebug.eabi64)
LOAD /Applications/Mpide.app/Contents/Resources/Java/hardware/pic32/compiler/pic32-tools/bin/../lib/gcc/pic32mx/4.5.1/../../../../pic32mx/lib/libsupc++.a
LOAD /Applications/Mpide.app/Contents/Resources/Java/hardware/pic32/compiler/pic32-tools/bin/../lib/gcc/pic32mx/4.5.1/../../../../pic32mx/lib/libm.a
LOAD /Applications/Mpide.app/Contents/Resources/Java/hardware/pic32/compiler/pic32-tools/bin/../lib/gcc/pic32mx/4.5.1/libgcc.a
START GROUP
LOAD /Applications/Mpide.app/Contents/Resources/Java/hardware/pic32/compiler/pic32-tools/bin/../lib/gcc/pic32mx/4.5.1/../../../../pic32mx/lib/libc.a
LOAD /Applications/Mpide.app/Contents/Resources/Java/hardware/pic32/compiler/pic32-tools/bin/../lib/gcc/pic32mx/4.5.1/../../../../pic32mx/lib/libm.a
LOAD /Applications/Mpide.app/Contents/Resources/Java/hardware/pic32/compiler/pic32-tools/bin/../lib/gcc/pic32mx/4.5.1/../../../../pic32mx/lib/libe.a
LOAD /Applications/Mpide.app/Contents/Resources/Java/hardware/pic32/compiler/pic32-tools/bin/../lib/gcc/pic32mx/4.5.1/../../../../pic32mx/lib/libsupc++.a
LOAD /Applications/Mpide.app/Contents/Resources/Java/hardware/pic32/compiler/pic32-tools/bin/../lib/gcc/pic32mx/4.5.1/../../../../pic32mx/lib/libmchp_peripheral.a
LOAD /Applications/Mpide.app/Contents/Resources/Java/hardware/pic32/compiler/pic32-tools/bin/../lib/gcc/pic32mx/4.5.1/../../../../pic32mx/lib/libmchp_peripheral_32MX320F128H.a
END GROUP
LOAD /Applications/Mpide.app/Contents/Resources/Java/hardware/pic32/compiler/pic32-tools/bin/../lib/gcc/pic32mx/4.5.1/libgcc.a
LOAD /Applications/Mpide.app/Contents/Resources/Java/hardware/pic32/compiler/pic32-tools/bin/../lib/gcc/pic32mx/4.5.1/crtend.o
LOAD /Applications/Mpide.app/Contents/Resources/Java/hardware/pic32/compiler/pic32-tools/bin/../lib/gcc/pic32mx/4.5.1/../../../../pic32mx/lib/crtn.o
OUTPUT(/Users/OlS/Desktop/Xcode_chipKIT/main.elf elf32-tradlittlemips)
